09/21/2022 02:32:24 - INFO     - PID: 3596
09/21/2022 02:32:24 - INFO     - Pre-process: reading input data summary json file from tests\data\Synthetic Site\Synthetic Site Config.json
09/21/2022 02:32:24 - INFO     - Read tests\data\Synthetic Site/Synthetic Site Predictors 2021-12-01.csv and added to data ...
09/21/2022 02:32:24 - INFO     - Read tests\data\Synthetic Site/Synthetic Site Predictors 2021-12-02.csv and added to data ...
09/21/2022 02:32:24 - INFO     - Read tests\data\Synthetic Site/Synthetic Site Predictors 2021-12-03.csv and added to data ...
09/21/2022 02:32:24 - INFO     - Read tests\data\Synthetic Site/Synthetic Site Predictors 2021-12-04.csv and added to data ...
09/21/2022 02:32:24 - INFO     - Read tests\data\Synthetic Site/Synthetic Site Predictors 2021-12-05.csv and added to data ...
09/21/2022 02:32:24 - INFO     - Read tests\data\Synthetic Site/Synthetic Site Predictors 2021-12-06.csv and added to data ...
09/21/2022 02:32:24 - INFO     - Read tests\data\Synthetic Site/Synthetic Site Predictors 2021-12-07.csv and added to data ...
09/21/2022 02:32:24 - INFO     - Read tests\data\Synthetic Site/Synthetic Site Targets 2021-12-01.csv and added to data ...
09/21/2022 02:32:24 - INFO     - Read tests\data\Synthetic Site/Synthetic Site Targets 2021-12-02.csv and added to data ...
09/21/2022 02:32:24 - INFO     - Read tests\data\Synthetic Site/Synthetic Site Targets 2021-12-03.csv and added to data ...
09/21/2022 02:32:24 - INFO     - Read tests\data\Synthetic Site/Synthetic Site Targets 2021-12-04.csv and added to data ...
09/21/2022 02:32:24 - INFO     - Read tests\data\Synthetic Site/Synthetic Site Targets 2021-12-05.csv and added to data ...
09/21/2022 02:32:24 - INFO     - Read tests\data\Synthetic Site/Synthetic Site Targets 2021-12-06.csv and added to data ...
09/21/2022 02:32:24 - INFO     - Read tests\data\Synthetic Site/Synthetic Site Targets 2021-12-07.csv and added to data ...
09/21/2022 02:32:24 - INFO     - Number of features: 54
09/21/2022 02:32:24 - INFO     - training with arch version bravo
09/21/2022 02:32:25 - INFO     - Writer path: exp_dir
09/21/2022 02:32:25 - INFO     - Data transformed using minmaxscale as transformation method
09/21/2022 02:32:25 - INFO     - Available train batch factors: [1, 11, 47, 517]
09/21/2022 02:32:25 - INFO     - Requested number of batches per epoch - Train: 26, val: 1
09/21/2022 02:32:25 - INFO     - Actual number of batches per epoch - Train: 11, val: 1
09/21/2022 02:32:25 - INFO     - Number of data samples in each batch - Train: 47, val: 130
09/21/2022 02:32:25 - INFO     - Training on cpu
09/21/2022 02:32:25 - INFO     - Data converted to iterable dataset
09/21/2022 02:32:25 - INFO     - A new lstm RNN model instantiated
09/21/2022 02:32:25 - INFO     - Number of cores available: 6
09/21/2022 02:32:25 - INFO     - Number of logical processors available: 12
09/21/2022 02:32:25 - INFO     - Initial memory statistics (GB): {'total': 16.958697472, 'available': 3.73354496, 'percent': 78.0, 'used': 13.225152512, 'free': 3.73354496}
09/21/2022 02:32:25 - INFO     - Starting to train the model for 100 epochs!
09/21/2022 02:32:34 - INFO     - Epoch: 46 Iteration: 500. Train_loss: 0.011512779630720615. val_loss: 0.014599770539896821, LR: 0.001
09/21/2022 02:32:44 - INFO     - Epoch: 91 Iteration: 1000. Train_loss: 0.012224134057760239. val_loss: 0.014401241433759046, LR: 0.001
09/21/2022 02:32:49 - INFO     - Run with arch RNN(lstm), on Synthetic Site Electricity Main Total Power is done!
