11/14/2022 12:24:47 - INFO     - PID: 12848
11/14/2022 12:24:47 - INFO     - Pre-process: reading input data summary json file from tests\data\Synthetic Site\Synthetic Site Config.json
11/14/2022 12:24:47 - INFO     - Read tests\data\Synthetic Site/Synthetic Site Predictors 2021-12-01.csv and added to data ...
11/14/2022 12:24:47 - INFO     - Read tests\data\Synthetic Site/Synthetic Site Predictors 2021-12-02.csv and added to data ...
11/14/2022 12:24:47 - INFO     - Read tests\data\Synthetic Site/Synthetic Site Predictors 2021-12-03.csv and added to data ...
11/14/2022 12:24:47 - INFO     - Read tests\data\Synthetic Site/Synthetic Site Predictors 2021-12-04.csv and added to data ...
11/14/2022 12:24:47 - INFO     - Read tests\data\Synthetic Site/Synthetic Site Predictors 2021-12-05.csv and added to data ...
11/14/2022 12:24:47 - INFO     - Read tests\data\Synthetic Site/Synthetic Site Predictors 2021-12-06.csv and added to data ...
11/14/2022 12:24:47 - INFO     - Read tests\data\Synthetic Site/Synthetic Site Predictors 2021-12-07.csv and added to data ...
11/14/2022 12:24:47 - INFO     - Read tests\data\Synthetic Site/Synthetic Site Targets 2021-12-01.csv and added to data ...
11/14/2022 12:24:47 - INFO     - Read tests\data\Synthetic Site/Synthetic Site Targets 2021-12-02.csv and added to data ...
11/14/2022 12:24:47 - INFO     - Read tests\data\Synthetic Site/Synthetic Site Targets 2021-12-03.csv and added to data ...
11/14/2022 12:24:47 - INFO     - Read tests\data\Synthetic Site/Synthetic Site Targets 2021-12-04.csv and added to data ...
11/14/2022 12:24:47 - INFO     - Read tests\data\Synthetic Site/Synthetic Site Targets 2021-12-05.csv and added to data ...
11/14/2022 12:24:47 - INFO     - Read tests\data\Synthetic Site/Synthetic Site Targets 2021-12-06.csv and added to data ...
11/14/2022 12:24:47 - INFO     - Read tests\data\Synthetic Site/Synthetic Site Targets 2021-12-07.csv and added to data ...
11/14/2022 12:24:47 - INFO     - Number of features: 54
11/14/2022 12:24:47 - INFO     - training with arch version alfa
11/14/2022 12:24:47 - INFO     - Writer path: exp_dir
11/14/2022 12:24:47 - INFO     - Data transformed using minmaxscale as transformation method
11/14/2022 12:24:47 - INFO     - Available train batch factors: [1, 2, 3, 4, 6, 8, 11, 12, 16, 22, 24, 33, 44, 48, 66, 88, 132, 176, 264, 528]
11/14/2022 12:24:47 - INFO     - Requested number of batches per epoch - Train: 5, val: 1
11/14/2022 12:24:47 - INFO     - Actual number of batches per epoch - Train: 4, val: 1
11/14/2022 12:24:47 - INFO     - Number of data samples in each batch - Train: 132, val: 66
11/14/2022 12:24:47 - INFO     - Training on cpu
11/14/2022 12:24:47 - INFO     - Data converted to iterable dataset
11/14/2022 12:24:47 - INFO     - A new lstm RNN model instantiated
11/14/2022 12:24:47 - INFO     - Number of cores available: 6
11/14/2022 12:24:47 - INFO     - Number of logical processors available: 12
11/14/2022 12:24:47 - INFO     - Initial memory statistics (GB): {'total': 16.958697472, 'available': 3.629596672, 'percent': 78.6, 'used': 13.3291008, 'free': 3.629596672}
11/14/2022 12:24:47 - INFO     - Starting to train the model for 1 epochs!
11/14/2022 12:24:48 - INFO     - Epoch: 1 Iteration: 2. Train_loss: 0.16277313232421875. val_loss: 0.14126934687564657, LR: 0.001
11/14/2022 12:24:49 - INFO     - Epoch: 1 Iteration: 4. Train_loss: 0.11445854604244232. val_loss: 0.09202949188009601, LR: 0.001
11/14/2022 12:24:54 - INFO     - Run with arch RNN(lstm), on Synthetic Site Electricity Main Total Power is done!
