11/29/2023 11:22:13 - INFO     - PID: 81014
11/29/2023 11:22:13 - INFO     - AlfaModel model created.Writing to /Users/jsmith2/Code/Wattile/tests/fixtures/FTLB_FTLBCHWMeterCHWEnergyRate_r1.
11/29/2023 11:22:40 - INFO     - PID: 81014
11/29/2023 11:22:40 - INFO     - AlfaModel model created.Writing to /Users/jsmith2/Code/Wattile/tests/fixtures/FTLB_FTLBCHWMeterCHWEnergyRate_r1.
11/29/2023 11:37:55 - INFO     - PID: 81014
11/29/2023 11:37:55 - INFO     - AlfaModel model created.Writing to /Users/jsmith2/Code/Wattile/tests/fixtures/FTLB_FTLBCHWMeterCHWEnergyRate_r1.
11/29/2023 11:38:10 - INFO     - PID: 81014
11/29/2023 11:38:10 - INFO     - AlfaModel model created.Writing to /Users/jsmith2/Code/Wattile/tests/fixtures/FTLB_FTLBCHWMeterCHWEnergyRate_r1.
11/29/2023 11:38:10 - INFO     - Number of features: 198
11/29/2023 12:29:14 - INFO     - PID: 98644
11/29/2023 12:29:14 - INFO     - AlfaModel model created.Writing to /Users/jsmith2/Code/IC/Wattile/tests/fixtures/FTLB_FTLBCHWMeterCHWEnergyRate_r1.
11/29/2023 12:29:14 - INFO     - Number of features: 198
11/29/2023 12:29:23 - INFO     - PID: 98644
11/29/2023 12:29:23 - INFO     - AlfaModel model created.Writing to /Users/jsmith2/Code/IC/Wattile/tests/fixtures/FTLB_FTLBCHWMeterCHWEnergyRate_r1.
11/29/2023 12:29:23 - INFO     - Number of features: 198
